# Server
redis_version:6.2.6
redis_git_sha1:00000000
redis_git_dirty:0
redis_build_id:20a80908d350a464
redis_mode:standalone
os:Linux 5.13.0-39-generic x86_64
arch_bits:64
multiplexing_api:epoll
atomicvar_api:atomic-builtin
gcc_version:10.3.1
process_id:1
process_supervised:no
run_id:6a466acbf1320a845ba780ac6ae7849460e396c4
tcp_port:6379
server_time_usec:1650913282997155
uptime_in_seconds:1033
uptime_in_days:0
hz:10
configured_hz:10
lru_clock:6746114
executable:/data/redis-server
config_file:
io_threads_active:0

# Clients
connected_clients:1
cluster_connections:0
maxclients:10000
client_recent_max_input_buffer:0
client_recent_max_output_buffer:0
blocked_clients:0
tracking_clients:0
clients_in_timeout_table:0

# Memory
used_memory:873648
used_memory_human:853.17K
used_memory_rss:5763072
used_memory_rss_human:5.50M
used_memory_peak:931784
used_memory_peak_human:909.95K
used_memory_peak_perc:93.76%
used_memory_overhead:809880
used_memory_startup:809880
used_memory_dataset:63768
used_memory_dataset_perc:100.00%
allocator_allocated:1265200
allocator_active:1503232
allocator_resident:4620288
total_system_memory:16622088192
total_system_memory_human:15.48G
used_memory_lua:37888
used_memory_lua_human:37.00K
used_memory_scripts:0
used_memory_scripts_human:0B
number_of_cached_scripts:0
maxmemory:0
maxmemory_human:0B
maxmemory_policy:noeviction
allocator_frag_ratio:1.19
allocator_frag_bytes:238032
allocator_rss_ratio:3.07
allocator_rss_bytes:3117056
rss_overhead_ratio:1.25
rss_overhead_bytes:1142784
mem_fragmentation_ratio:7.12
mem_fragmentation_bytes:4953176
mem_not_counted_for_evict:0
mem_replication_backlog:0
mem_clients_slaves:0
mem_clients_normal:0
mem_aof_buffer:0
mem_allocator:jemalloc-5.1.0
active_defrag_running:0
lazyfree_pending_objects:0
lazyfreed_objects:0

# Persistence
loading:0
current_cow_size:0
current_cow_size_age:0
current_fork_perc:0.00
current_save_keys_processed:0
current_save_keys_total:0
rdb_changes_since_last_save:0
rdb_bgsave_in_progress:0
rdb_last_save_time:1650912249
rdb_last_bgsave_status:ok
rdb_last_bgsave_time_sec:-1
rdb_current_bgsave_time_sec:-1
rdb_last_cow_size:0
aof_enabled:0
aof_rewrite_in_progress:0
aof_rewrite_scheduled:0
aof_last_rewrite_time_sec:-1
aof_current_rewrite_time_sec:-1
aof_last_bgrewrite_status:ok
aof_last_write_status:ok
aof_last_cow_size:0
module_fork_in_progress:0
module_fork_last_cow_size:0

# Stats
total_connections_received:5
total_commands_processed:5
instantaneous_ops_per_sec:0
total_net_input_bytes:172
total_net_output_bytes:37050
instantaneous_input_kbps:0.00
instantaneous_output_kbps:0.00
rejected_connections:0
sync_full:0
sync_partial_ok:0
sync_partial_err:0
expired_keys:0
expired_stale_perc:0.00
expired_time_cap_reached_count:0
expire_cycle_cpu_milliseconds:18
evicted_keys:0
keyspace_hits:0
keyspace_misses:0
pubsub_channels:0
pubsub_patterns:0
latest_fork_usec:0
total_forks:0
migrate_cached_sockets:0
slave_expires_tracked_keys:0
active_defrag_hits:0
active_defrag_misses:0
active_defrag_key_hits:0
active_defrag_key_misses:0
tracking_total_keys:0
tracking_total_items:0
tracking_total_prefixes:0
unexpected_error_replies:0
total_error_replies:0
dump_payload_sanitizations:0
total_reads_processed:10
total_writes_processed:5
io_threaded_reads_processed:0
io_threaded_writes_processed:0

# Replication
role:master
connected_slaves:0
master_failover_state:no-failover
master_replid:70859d7b1762f1634753d1da24a85a8ee7873449
master_replid2:0000000000000000000000000000000000000000
master_repl_offset:0
second_repl_offset:-1
repl_backlog_active:0
repl_backlog_size:1048576
repl_backlog_first_byte_offset:0
repl_backlog_histlen:0

# CPU
used_cpu_sys:0.970651
used_cpu_user:0.780729
used_cpu_sys_children:0.000000
used_cpu_user_children:0.000000
used_cpu_sys_main_thread:0.969890
used_cpu_user_main_thread:0.775912

# Modules

# Commandstats
cmdstat_info:calls=4,usec=595,usec_per_call=148.75,rejected_calls=0,failed_calls=0
cmdstat_command:calls=1,usec=750,usec_per_call=750.00,rejected_calls=0,failed_calls=0

# Errorstats

# Cluster
cluster_enabled:0

# Keyspace
